[Licensing::Module] Trying to connect to existing licensing client channel...
Built from '6000.5/staging' branch; Version is '6000.5.2f1 (eb73d3b415a1) revision 15430611'; Using compiler version '194234433'; Build Type 'Release'
[Licensing::IpcConnector] Successfully connected to: "LicenseClient-julia" at "2026-07-07T17:16:26.075661Z"
OS: 'Windows 11  (10.0.26200) CoreSingleLanguage' Language: 'en' Physical Memory: 32189 MB
BatchMode: 0, IsHumanControllingUs: 1, StartBugReporterOnCrash: 1, Is64bit: 1
System  architecture: x64
Process architecture: x64
Date: 2026-07-07T17:16:26Z
Error creating external process 'C:/Program Files/Unity/Hub/Editor/6000.5.2f1/Editor/Data/Resources/PackageManager/Server/UnityPackageManager.exe' : The system cannot find the path specified.
Error cleaning up external process: The handle is invalid.
[Package Manager] Cannot start server process [path: `C:/Program Files/Unity/Hub/Editor/6000.5.2f1/Editor/Data/Resources/PackageManager/Server/UnityPackageManager.exe`]

COMMAND LINE ARGUMENTS:
C:\Program Files\Unity\Hub\Editor\6000.5.2f1\Editor\Unity.exe
-projectPath
C:\Semester 4\Game Development KMIPN 2026\ReGenesis
Successfully changed project path to: C:\Semester 4\Game Development KMIPN 2026\ReGenesis
C:/Semester 4/Game Development KMIPN 2026/ReGenesis
[UnityMemory] Configuration Parameters - Can be set up in boot.config
    "memorysetup-temp-allocator-size-gi-baking-worker=262144"
    "memorysetup-temp-allocator-size-gi-baking-worker=262144"
    "memorysetup-temp-allocator-size-gi-baking-worker=262144"
    "memorysetup-temp-allocator-size-gi-baking-worker=262144"
    "memorysetup-temp-allocator-size-gi-baking-worker=262144"
    "memorysetup-temp-allocator-size-nav-mesh-worker=65536"
    "memorysetup-temp-allocator-size-audio-worker=65536"
    "memorysetup-temp-allocator-size-cloud-worker=32768"
    "memorysetup-temp-allocator-size-gfx=262144"
    "memorysetup-temp-allocator-size-preload-manager=33554432"
    "memorysetup-allocator-temp-initial-block-size-main=262144"
    "memorysetup-allocator-temp-initial-block-size-worker=262144"
    "memorysetup-temp-allocator-size-job-worker=262144"
    "memorysetup-temp-allocator-size-background-worker=32768"
    "memorysetup-bucket-allocator-granularity=16"
    "memorysetup-bucket-allocator-bucket-count=8"
    "memorysetup-bucket-allocator-block-size=33554432"
    "memorysetup-bucket-allocator-block-count=8"
    "memorysetup-main-allocator-block-size=16777216"
    "memorysetup-thread-allocator-block-size=16777216"
    "memorysetup-main-allocator-mimalloc-enabled=0"
    "memorysetup-gfx-main-allocator-block-size=16777216"
    "memorysetup-gfx-thread-allocator-block-size=16777216"
    "memorysetup-cache-allocator-block-size=4194304"
    "memorysetup-typetree-allocator-block-size=2097152"
    "memorysetup-profiler-bucket-allocator-granularity=16"
    "memorysetup-profiler-bucket-allocator-bucket-count=8"
    "memorysetup-profiler-bucket-allocator-block-size=33554432"
    "memorysetup-profiler-bucket-allocator-block-count=8"
    "memorysetup-profiler-allocator-block-size=16777216"
    "memorysetup-profiler-editor-allocator-block-size=1048576"
    "memorysetup-temp-allocator-size-main=16777216"
    "memorysetup-job-temp-allocator-block-size=2097152"
    "memorysetup-job-temp-allocator-block-size-background=1048576"
    "memorysetup-job-temp-allocator-reduction-small-platforms=262144"
Player connection [32444]  Target information:

Player connection [32444]  * "[IP] 192.168.101.7 [Port] 55504 [Flags] 2 [Guid] 2803043728 [EditorId] 2803043728 [Version] 1048832 [Id] WindowsEditor(7,LAPTOP-U04AIOKP) [Debug] 1 [PackageName] WindowsEditor [ProjectName] Editor" 

Player connection [32444] Host joined multi-casting on [225.0.0.222:54997]...
Player connection [32444] Host joined alternative multi-casting on [225.0.0.222:34997]...
Input System module state changed to: Initialized.
[Physics::Module] Initialized fallback backend.
[Physics::Module] Id: 0xdecafbad
Failed to load ASTC compressor library from astcenc-avx2
[Package Manager] Server process restart attempt #2

Error creating external process 'C:/Program Files/Unity/Hub/Editor/6000.5.2f1/Editor/Data/Resources/PackageManager/Server/UnityPackageManager.exe' : The system cannot find the path specified.
Error cleaning up external process: The handle is invalid.
[Package Manager] Cannot start server process [path: `C:/Program Files/Unity/Hub/Editor/6000.5.2f1/Editor/Data/Resources/PackageManager/Server/UnityPackageManager.exe`]
[Package Manager] Could not find Unity Package Manager local server application at [C:/Program Files/Unity/Hub/Editor/6000.5.2f1/Editor/Data/Resources/PackageManager/Server/UnityPackageManager.exe]. Missing files could be the result of an antivirus action or a corrupt Unity installation.
Launch screen font did not load successfully: C:/Program Files/Unity/Hub/Editor/6000.5.2f1/Editor/Data/Resources/Fonts/Inter-Regular.ttf.
Launch screen font did not load successfully: C:/Program Files/Unity/Hub/Editor/6000.5.2f1/Editor/Data/Resources/Fonts/Inter-SemiBold.ttf.
[Licensing::Client] Error: HandshakeResponse reported an error:
	ResponseCode: 505
	ResponseStatus: Unsupported protocol version '1.18.1'.
[Licensing::Module] Error: Failed to handshake to channel: "LicenseClient-julia"
[Licensing::IpcConnector] LicenseClient-julia channel disconnected successfully.
[Licensing::IpcConnector] Channel LicenseClient-julia-6000.5.2 doesn't exist
Error creating external process 'C:/Program Files/Unity/Hub/Editor/6000.5.2f1/Editor/Data/Resources/Licensing/Client/Unity.Licensing.Client.exe' : The system cannot find the path specified.
Error cleaning up external process: The handle is invalid.
[Licensing::Module] Error: Failed to launch LicensingClient: C:/Program Files/Unity/Hub/Editor/6000.5.2f1/Editor/Data/Resources/Licensing/Client/Unity.Licensing.Client.exe
[Licensing::Module] Error: Licensing initialization failed after 0.61s
Exiting without the bug reporter. Application will terminate with return code 1